/home/runner/work/avm-planner/avm-planner/build.js:20
let start=html.indexOf('function renderMonthlyCalendar()'),end;if(start<0){start=html.indexOf('function updateMetricsAndCharts()');if(start<0)throw Error('monthly insertion point missing');end=start}else{end=html.indexOf('function changeWeek',start);if(end<0)end=start}
                                                                                                                                              ^

Error: monthly insertion point missing
    at Object.<anonymous> (/home/runner/work/avm-planner/avm-planner/build.js:20:149)
    at Module._compile (node:internal/modules/cjs/loader:1781:14)
    at Object..js (node:internal/modules/cjs/loader:1913:10)
    at Module.load (node:internal/modules/cjs/loader:1505:32)
    at Function._load (node:internal/modules/cjs/loader:1309:12)
    at wrapModuleLoad (node:internal/modules/cjs/loader:254:19)
    at Function.executeUserEntryPoint [as runMain] (node:internal/modules/run_main:171:5)
    at node:internal/main/run_main_module:36:49

Node.js v22.23.2
/home/runner/work/avm-planner/avm-planner/fallback.js:15
if(!html.includes('monthly-calendar-grid')||!html.includes('type="time"')||!html.includes('type="date"')||!html.includes('modal-subject-select'))throw Error('required editable controls missing');
                                                                                                                                                 ^

Error: required editable controls missing
    at Object.<anonymous> (/home/runner/work/avm-planner/avm-planner/fallback.js:15:152)
    at Module._compile (node:internal/modules/cjs/loader:1781:14)
    at Object..js (node:internal/modules/cjs/loader:1913:10)
    at Module.load (node:internal/modules/cjs/loader:1505:32)
    at Function._load (node:internal/modules/cjs/loader:1309:12)
    at wrapModuleLoad (node:internal/modules/cjs/loader:254:19)
    at Function.executeUserEntryPoint [as runMain] (node:internal/modules/run_main:171:5)
    at node:internal/main/run_main_module:36:49

Node.js v22.23.2

--- BUILD FAILED ---
